<?xml version="1.0" encoding="UTF-8"?>
<testsuites name="jest tests" tests="5" failures="0" errors="0" time="0.441">
  <testsuite name="combineUsers function basics" errors="0" failures="0" skipped="0" timestamp="2025-07-19T17:59:43" time="0.398" tests="5">
    <testcase classname="combineUsers function basics should return an object" name="combineUsers function basics should return an object" time="0.003">
    </testcase>
    <testcase classname="combineUsers function basics should have the properties users and merge_date" name="combineUsers function basics should have the properties users and merge_date" time="0.001">
    </testcase>
    <testcase classname="combineUsers function comprehensive tests should merge all given arrays" name="combineUsers function comprehensive tests should merge all given arrays" time="0.002">
    </testcase>
    <testcase classname="combineUsers function comprehensive tests should contain today&apos;s date in M/d/yyyy format" name="combineUsers function comprehensive tests should contain today&apos;s date in M/d/yyyy format" time="0">
    </testcase>
    <testcase classname="combineUsers function comprehensive tests should handle no arguments gracefully, returning an empty users array" name="combineUsers function comprehensive tests should handle no arguments gracefully, returning an empty users array" time="0.001">
    </testcase>
  </testsuite>
</testsuites>